Traceback (most recent call last):
  File "/home/flora/Eng_Pidgin_Edu/train.py", line 665, in <module>
    training_args = Seq2SeqTrainingArguments(
                    ^^^^^^^^^^^^^^^^^^^^^^^^^
  File "<string>", line 140, in __init__
  File "/home/flora/env/lib/python3.12/site-packages/transformers/training_args.py", line 1811, in __post_init__
    self.device
  File "/home/flora/env/lib/python3.12/site-packages/transformers/training_args.py", line 2355, in device
    return self._setup_devices
           ^^^^^^^^^^^^^^^^^^^
  File "/usr/lib/python3.12/functools.py", line 995, in __get__
    val = self.func(instance)
          ^^^^^^^^^^^^^^^^^^^
  File "/home/flora/env/lib/python3.12/site-packages/transformers/training_args.py", line 2282, in _setup_devices
    self.distributed_state = PartialState(**accelerator_state_kwargs)
                             ^^^^^^^^^^^^^^^^^^^^^^^^^^^^^^^^^^^^^^^^
  File "/home/flora/env/lib/python3.12/site-packages/accelerate/state.py", line 304, in __init__
    self.num_processes = torch.distributed.get_world_size()
                         ^^^^^^^^^^^^^^^^^^^^^^^^^^^^^^^^^^
  File "/home/flora/env/lib/python3.12/site-packages/torch/distributed/distributed_c10d.py", line 2595, in get_world_size
    return _get_group_size(group)
           ^^^^^^^^^^^^^^^^^^^^^^
  File "/home/flora/env/lib/python3.12/site-packages/torch/distributed/distributed_c10d.py", line 1194, in _get_group_size
    default_pg = _get_default_group()
                 ^^^^^^^^^^^^^^^^^^^^
  File "/home/flora/env/lib/python3.12/site-packages/torch/distributed/distributed_c10d.py", line 1423, in _get_default_group
    raise ValueError(
ValueError: Default process group has not been initialized, please make sure to call init_process_group.
